2016-10-10 16:26:13,404 DEBUG WeeblyTest [main] Found element by Xpath = //*[@id='login-button']
2016-10-10 16:26:13,531 DEBUG WeeblyTest [main] Found element by Xpath = //*[@id='weebly-username']
2016-10-10 16:26:13,686 DEBUG WeeblyTest [main] Found element by Xpath = //*[@id='weebly-password']
2016-10-10 16:26:13,795 DEBUG WeeblyTest [main] Found element by Xpath = //*[@id='weebly-login']/p[3]/input
2016-10-10 16:26:59,145 DEBUG WeeblyTest [pool-1-thread-1] Found element by Xpath = //*[@id='login-button']
2016-10-10 16:26:59,366 DEBUG WeeblyTest [pool-1-thread-2] Found element by Xpath = //*[@id='sign-up-button']
2016-10-10 16:26:59,428 DEBUG WeeblyTest [pool-1-thread-1] Found element by Xpath = //*[@id='weebly-username']
2016-10-10 16:26:59,663 DEBUG WeeblyTest [pool-1-thread-2] Found element by Xpath = //*[@id='overlay-signup-form-name']
2016-10-10 16:26:59,694 DEBUG WeeblyTest [pool-1-thread-1] Found element by Xpath = //*[@id='weebly-password']
2016-10-10 16:26:59,965 DEBUG WeeblyTest [pool-1-thread-1] Found element by Xpath = //*[@id='weebly-login']/p[3]/input
2016-10-10 16:27:00,001 DEBUG WeeblyTest [pool-1-thread-2] Found element by Xpath = //*[@id='overlay-signup-form-email']
2016-10-10 16:27:00,144 DEBUG WeeblyTest [pool-1-thread-2] Found element by Xpath = //*[@id='overlay-signup-form-pass']
2016-10-10 16:27:00,321 DEBUG WeeblyTest [pool-1-thread-2] Found element by Xpath = //*[contains(@class, 'signup-form__submit signup-btn submit-btn')]
2016-10-10 16:27:00,956 DEBUG WeeblyTest [pool-1-thread-2] Found element by Xpath = //*[@id='weebly-username']
2016-10-10 16:34:53,338 DEBUG WeeblyTest [main] Found element by Xpath = //*[@id='login-button']
2016-10-10 16:34:53,483 DEBUG WeeblyTest [main] Found element by Xpath = //*[@id='weebly-username']
2016-10-10 16:34:53,605 DEBUG WeeblyTest [main] Found element by Xpath = //*[@id='weebly-password']
2016-10-10 16:34:53,702 DEBUG WeeblyTest [main] Found element by Xpath = //*[@id='weebly-login']/p[3]/input
2016-10-10 16:35:00,403 DEBUG WeeblyTest [main] Found element by Xpath = //*[@id='sign-up-button']
2016-10-10 16:35:00,542 DEBUG WeeblyTest [main] Found element by Xpath = //*[@id='overlay-signup-form-name']
2016-10-10 16:35:00,665 DEBUG WeeblyTest [main] Found element by Xpath = //*[@id='overlay-signup-form-email']
2016-10-10 16:35:00,795 DEBUG WeeblyTest [main] Found element by Xpath = //*[@id='overlay-signup-form-pass']
2016-10-10 16:35:00,956 DEBUG WeeblyTest [main] Found element by Xpath = //*[contains(@class, 'signup-form__submit signup-btn submit-btn')]
2016-10-10 16:35:01,573 DEBUG WeeblyTest [main] Found element by Xpath = //*[@id='weebly-username']
2016-10-10 16:39:40,240 DEBUG WeeblyTest [main] Found element by Xpath = //*[@id='login-button']
2016-10-10 16:39:40,384 DEBUG WeeblyTest [main] Found element by Xpath = //*[@id='weebly-username']
2016-10-10 16:39:40,500 DEBUG WeeblyTest [main] Found element by Xpath = //*[@id='weebly-password']
2016-10-10 16:39:40,595 DEBUG WeeblyTest [main] Found element by Xpath = //*[@id='weebly-login']/p[3]/input
2016-10-10 16:39:46,853 INFO WeeblyTest [main] testLogin(WeeblyTest)
2016-10-10 16:39:49,275 DEBUG WeeblyTest [main] Found element by Xpath = //*[@id='sign-up-button']
2016-10-10 16:39:49,414 DEBUG WeeblyTest [main] Found element by Xpath = //*[@id='overlay-signup-form-name']
2016-10-10 16:39:49,546 DEBUG WeeblyTest [main] Found element by Xpath = //*[@id='overlay-signup-form-email']
2016-10-10 16:39:49,668 DEBUG WeeblyTest [main] Found element by Xpath = //*[@id='overlay-signup-form-pass']
2016-10-10 16:39:49,801 DEBUG WeeblyTest [main] Found element by Xpath = //*[contains(@class, 'signup-form__submit signup-btn submit-btn')]
2016-10-10 16:39:50,428 DEBUG WeeblyTest [main] Found element by Xpath = //*[@id='weebly-username']
2016-10-10 16:39:50,522 INFO WeeblyTest [main] testSignUp(WeeblyTest)
2016-10-10 16:42:27,186 DEBUG WeeblyTest [main] Found element by Xpath = //*[@id='login-button']
2016-10-10 16:42:27,326 DEBUG WeeblyTest [main] Found element by Xpath = //*[@id='weebly-username']
2016-10-10 16:42:27,430 DEBUG WeeblyTest [main] Found element by Xpath = //*[@id='weebly-password']
2016-10-10 16:42:27,517 DEBUG WeeblyTest [main] Found element by Xpath = //*[@id='weebly-login']/p[3]/input
2016-10-10 16:42:32,654 DEBUG WeeblyTest [main] Log in successful.
2016-10-10 16:42:32,730 INFO WeeblyTest [main] testLogin(WeeblyTest)
2016-10-10 16:42:35,231 DEBUG WeeblyTest [main] Found element by Xpath = //*[@id='sign-up-button']
2016-10-10 16:42:35,366 DEBUG WeeblyTest [main] Found element by Xpath = //*[@id='overlay-signup-form-name']
2016-10-10 16:42:35,486 DEBUG WeeblyTest [main] Found element by Xpath = //*[@id='overlay-signup-form-email']
2016-10-10 16:42:35,590 DEBUG WeeblyTest [main] Found element by Xpath = //*[@id='overlay-signup-form-pass']
2016-10-10 16:42:35,720 DEBUG WeeblyTest [main] Found element by Xpath = //*[contains(@class, 'signup-form__submit signup-btn submit-btn')]
2016-10-10 16:42:36,328 DEBUG WeeblyTest [main] Found element by Xpath = //*[@id='weebly-username']
2016-10-10 16:42:36,350 DEBUG WeeblyTest [main] Account already exists. Logging in...
2016-10-10 16:42:36,421 INFO WeeblyTest [main] testSignUp(WeeblyTest)
2016-10-10 16:46:04,546 DEBUG WeeblyTest [main] Found element by Xpath = //*[@id='login-button']
2016-10-10 16:46:04,684 DEBUG WeeblyTest [main] Found element by Xpath = //*[@id='weebly-username']
2016-10-10 16:46:04,784 DEBUG WeeblyTest [main] Found element by Xpath = //*[@id='weebly-password']
2016-10-10 16:46:04,881 DEBUG WeeblyTest [main] Found element by Xpath = //*[@id='weebly-login']/p[3]/input
2016-10-10 16:46:08,525 DEBUG WeeblyTest [main] Log in successful.
2016-10-10 16:46:08,601 INFO WeeblyTest [main] testLogin(WeeblyTest)
2016-10-10 16:46:11,006 DEBUG WeeblyTest [main] Found element by Xpath = //*[@id='sign-up-button']
2016-10-10 16:46:11,148 DEBUG WeeblyTest [main] Found element by Xpath = //*[@id='overlay-signup-form-name']
2016-10-10 16:46:11,256 DEBUG WeeblyTest [main] Found element by Xpath = //*[@id='overlay-signup-form-email']
2016-10-10 16:46:11,368 DEBUG WeeblyTest [main] Found element by Xpath = //*[@id='overlay-signup-form-pass']
2016-10-10 16:46:11,492 DEBUG WeeblyTest [main] Found element by Xpath = //*[contains(@class, 'signup-form__submit signup-btn submit-btn')]
2016-10-10 16:46:12,089 DEBUG WeeblyTest [main] Found element by Xpath = //*[@id='weebly-username']
2016-10-10 16:46:12,115 DEBUG WeeblyTest [main] Account already exists. Logging in...
2016-10-10 16:46:12,115 ERROR WeeblyTest [main] testSignUp(WeeblyTest)
java.lang.AssertionError
	at org.junit.Assert.fail(Assert.java:86) ~[junit-4.12.jar:4.12]
	at org.junit.Assert.assertTrue(Assert.java:41) ~[junit-4.12.jar:4.12]
	at org.junit.Assert.assertTrue(Assert.java:52) ~[junit-4.12.jar:4.12]
	at WeeblyTest.testSignUp(WeeblyTest.java:86) ~[test-classes/:?]
	at sun.reflect.NativeMethodAccessorImpl.invoke0(Native Method) ~[?:1.8.0_102]
	at sun.reflect.NativeMethodAccessorImpl.invoke(NativeMethodAccessorImpl.java:62) ~[?:1.8.0_102]
	at sun.reflect.DelegatingMethodAccessorImpl.invoke(DelegatingMethodAccessorImpl.java:43) ~[?:1.8.0_102]
	at java.lang.reflect.Method.invoke(Method.java:498) ~[?:1.8.0_102]
	at org.junit.runners.model.FrameworkMethod$1.runReflectiveCall(FrameworkMethod.java:50) ~[junit-4.12.jar:4.12]
	at org.junit.internal.runners.model.ReflectiveCallable.run(ReflectiveCallable.java:12) ~[junit-4.12.jar:4.12]
	at org.junit.runners.model.FrameworkMethod.invokeExplosively(FrameworkMethod.java:47) ~[junit-4.12.jar:4.12]
	at org.junit.internal.runners.statements.InvokeMethod.evaluate(InvokeMethod.java:17) ~[junit-4.12.jar:4.12]
	at org.junit.internal.runners.statements.RunBefores.evaluate(RunBefores.java:26) ~[junit-4.12.jar:4.12]
	at org.junit.rules.TestWatcher$1.evaluate(TestWatcher.java:55) [junit-4.12.jar:4.12]
	at org.junit.rules.RunRules.evaluate(RunRules.java:20) [junit-4.12.jar:4.12]
	at org.junit.runners.ParentRunner.runLeaf(ParentRunner.java:325) [junit-4.12.jar:4.12]
	at org.junit.runners.BlockJUnit4ClassRunner.runChild(BlockJUnit4ClassRunner.java:78) [junit-4.12.jar:4.12]
	at org.junit.runners.BlockJUnit4ClassRunner.runChild(BlockJUnit4ClassRunner.java:57) [junit-4.12.jar:4.12]
	at org.junit.runners.ParentRunner$3.run(ParentRunner.java:290) [junit-4.12.jar:4.12]
	at org.junit.runners.ParentRunner$1.schedule(ParentRunner.java:71) [junit-4.12.jar:4.12]
	at org.junit.runners.ParentRunner.runChildren(ParentRunner.java:288) [junit-4.12.jar:4.12]
	at org.junit.runners.ParentRunner.access$000(ParentRunner.java:58) [junit-4.12.jar:4.12]
	at org.junit.runners.ParentRunner$2.evaluate(ParentRunner.java:268) [junit-4.12.jar:4.12]
	at org.junit.runners.ParentRunner.run(ParentRunner.java:363) [junit-4.12.jar:4.12]
	at org.junit.runner.JUnitCore.run(JUnitCore.java:137) [junit-4.12.jar:4.12]
	at com.intellij.junit4.JUnit4IdeaTestRunner.startRunnerWithArgs(JUnit4IdeaTestRunner.java:117) [junit-rt.jar:?]
	at com.intellij.junit4.JUnit4IdeaTestRunner.startRunnerWithArgs(JUnit4IdeaTestRunner.java:42) [junit-rt.jar:?]
	at com.intellij.rt.execution.junit.JUnitStarter.prepareStreamsAndStart(JUnitStarter.java:262) [junit-rt.jar:?]
	at com.intellij.rt.execution.junit.JUnitStarter.main(JUnitStarter.java:84) [junit-rt.jar:?]
	at sun.reflect.NativeMethodAccessorImpl.invoke0(Native Method) ~[?:1.8.0_102]
	at sun.reflect.NativeMethodAccessorImpl.invoke(NativeMethodAccessorImpl.java:62) ~[?:1.8.0_102]
	at sun.reflect.DelegatingMethodAccessorImpl.invoke(DelegatingMethodAccessorImpl.java:43) ~[?:1.8.0_102]
	at java.lang.reflect.Method.invoke(Method.java:498) ~[?:1.8.0_102]
	at com.intellij.rt.execution.application.AppMain.main(AppMain.java:147) [idea_rt.jar:?]
2016-10-10 16:48:58,070 DEBUG WeeblyTest [main] Found element by Xpath = //*[@id='login-button']
2016-10-10 16:48:58,216 DEBUG WeeblyTest [main] Found element by Xpath = //*[@id='weebly-username']
2016-10-10 16:48:58,323 DEBUG WeeblyTest [main] Found element by Xpath = //*[@id='weebly-password']
2016-10-10 16:48:58,422 DEBUG WeeblyTest [main] Found element by Xpath = //*[@id='weebly-login']/p[3]/input
2016-10-10 16:49:02,217 DEBUG WeeblyTest [main] Log in successful.
2016-10-10 16:49:02,291 INFO WeeblyTest [main] testLogin(WeeblyTest)
2016-10-10 16:49:04,382 DEBUG WeeblyTest [main] Found element by Xpath = //*[@id='sign-up-button']
2016-10-10 16:49:04,522 DEBUG WeeblyTest [main] Found element by Xpath = //*[@id='overlay-signup-form-name']
2016-10-10 16:49:04,640 DEBUG WeeblyTest [main] Found element by Xpath = //*[@id='overlay-signup-form-email']
2016-10-10 16:49:04,760 DEBUG WeeblyTest [main] Found element by Xpath = //*[@id='overlay-signup-form-pass']
2016-10-10 16:49:04,910 DEBUG WeeblyTest [main] Found element by Xpath = //*[contains(@class, 'signup-form__submit signup-btn submit-btn')]
2016-10-10 16:49:05,534 DEBUG WeeblyTest [main] Found element by Xpath = //*[@id='weebly-username']
2016-10-10 16:49:05,556 DEBUG WeeblyTest [main] Account already exists. Logging in...
2016-10-10 16:49:05,628 INFO WeeblyTest [main] testSignUp(WeeblyTest)
2016-10-10 17:20:11,380 DEBUG WeeblyTest [main] Found element by Xpath = //*[@id='sign-up-button']
2016-10-10 17:20:11,524 DEBUG WeeblyTest [main] Found element by Xpath = //*[@id='overlay-signup-form-name']
2016-10-10 17:20:11,811 DEBUG WeeblyTest [main] Found element by Xpath = //*[@id='overlay-signup-form-email']
2016-10-10 17:20:11,927 DEBUG WeeblyTest [main] Found element by Xpath = //*[@id='overlay-signup-form-pass']
2016-10-10 17:20:12,070 DEBUG WeeblyTest [main] Found element by Xpath = //*[contains(@class, 'signup-form__submit signup-btn submit-btn')]
2016-10-10 17:20:12,720 DEBUG WeeblyTest [main] Found element by Xpath = //*[@id='weebly-username']
2016-10-10 17:20:12,748 DEBUG WeeblyTest [main] Account already exists. Logging in...
2016-10-10 17:20:12,822 INFO WeeblyTest [main] testSignUp(SignUpTest)
2016-10-10 17:20:31,899 DEBUG WeeblyTest [main] Found element by Xpath = //*[@id='login-button']
2016-10-10 17:20:32,064 DEBUG WeeblyTest [main] Found element by Xpath = //*[@id='weebly-username']
2016-10-10 17:20:32,178 DEBUG WeeblyTest [main] Found element by Xpath = //*[@id='weebly-password']
2016-10-10 17:20:32,284 DEBUG WeeblyTest [main] Found element by Xpath = //*[@id='weebly-login']/p[3]/input
2016-10-10 17:20:35,819 DEBUG WeeblyTest [main] Log in successful.
2016-10-10 17:20:35,892 INFO WeeblyTest [main] testLogin(LogInTest)
2016-10-10 17:24:38,206 DEBUG WeeblyTest [pool-1-thread-1] Found element by Xpath = //*[@id='sign-up-button']
2016-10-10 17:24:38,358 DEBUG WeeblyTest [pool-1-thread-1] Found element by Xpath = //*[@id='overlay-signup-form-name']
2016-10-10 17:24:38,468 DEBUG WeeblyTest [pool-1-thread-2] Found element by Xpath = //*[@id='login-button']
2016-10-10 17:24:38,610 DEBUG WeeblyTest [pool-1-thread-1] Found element by Xpath = //*[@id='overlay-signup-form-email']
2016-10-10 17:24:38,681 DEBUG WeeblyTest [pool-1-thread-2] Found element by Xpath = //*[@id='weebly-username']
2016-10-10 17:24:38,794 DEBUG WeeblyTest [pool-1-thread-1] Found element by Xpath = //*[@id='overlay-signup-form-pass']
2016-10-10 17:24:38,860 DEBUG WeeblyTest [pool-1-thread-2] Found element by Xpath = //*[@id='weebly-password']
2016-10-10 17:24:38,987 DEBUG WeeblyTest [pool-1-thread-1] Found element by Xpath = //*[contains(@class, 'signup-form__submit signup-btn submit-btn')]
2016-10-10 17:24:39,041 DEBUG WeeblyTest [pool-1-thread-2] Found element by Xpath = //*[@id='weebly-login']/p[3]/input
2016-10-10 17:24:39,630 DEBUG WeeblyTest [pool-1-thread-1] Found element by Xpath = //*[@id='weebly-username']
2016-10-10 17:24:39,662 DEBUG WeeblyTest [pool-1-thread-1] Account already exists. Logging in...
2016-10-10 17:24:39,739 INFO WeeblyTest [pool-1-thread-1] testSignUp(SignUpTest)
2016-10-10 17:24:43,684 DEBUG WeeblyTest [pool-1-thread-2] Log in successful.
2016-10-10 17:24:43,757 INFO WeeblyTest [pool-1-thread-2] testLogin(LogInTest)
